// Jest Snapshot v1, https://goo.gl/fbAQLP

exports[`<Header /> renders correctly 1`] = `
<View
  style={
    Object {
      "alignItems": "center",
      "backgroundColor": "#fa7da7",
      "display": "flex",
      "elevation": 5,
      "flexDirection": "row",
      "height": 50,
      "justifyContent": "space-between",
      "left": 0,
      "paddingHorizontal": 20,
      "position": "absolute",
      "top": 30,
      "width": "100%",
    }
  }
>
  <View
    accessible={true}
    focusable={true}
    onClick={[Function]}
    onResponderGrant={[Function]}
    onResponderMove={[Function]}
    onResponderRelease={[Function]}
    onResponderTerminate={[Function]}
    onResponderTerminationRequest={[Function]}
    onStartShouldSetResponder={[Function]}
    style={
      Object {
        "opacity": 1,
      }
    }
  >
    <Text />
  </View>
  <View>
    <Text />
  </View>
</View>
`;
