// Jest Snapshot v1, https://goo.gl/fbAQLP

exports[`<UploadScreen /> renders correctly 1`] = `
<Modal
  hardwareAccelerated={false}
  transparent={true}
  visible={false}
>
  <View
    style={
      Object {
        "alignItems": "center",
        "backgroundColor": "#00000040",
        "flex": 1,
        "flexDirection": "column",
        "justifyContent": "space-around",
      }
    }
  >
    <View
      style={
        Object {
          "alignItems": "center",
          "backgroundColor": "#00000040",
          "borderRadius": 50,
          "display": "flex",
          "height": 250,
          "justifyContent": "space-around",
          "width": 250,
        }
      }
    />
  </View>
</Modal>
`;
